[root@client1 php]# cd /dockerfiles/
[root@client1 dockerfiles]# cat db1.df
FROM mysql
ENV MYSQL_DATABASE priar
COPY ./createtable.sql /docker-entrypoint-initdb.d/
COPY ./insertvalues.sql /docker-entrypoint-initdb.d/
[root@client1 dockerfiles]# cat createtable.sql
CREATE TABLE priarworld ( firstname varchar(20), rollnumber int(5));
CREATE TABLE priarworld1 ( firstname varchar(20), rollnumber int(5));
CREATE TABLE priarworld2 ( firstname varchar(20), rollnumber int(5));
CREATE TABLE priarworld3 ( firstname varchar(20), rollnumber int(5));
[root@client1 dockerfiles]# cat insertvalues.sql
INSERT INTO priarworld (firstname, rollnumber) VALUES ('Pushpak',1);
INSERT INTO priarworld (firstname, rollnumber) VALUES ('Nayan',2);
INSERT INTO priarworld (firstname, rollnumber) VALUES ('Chait',3);
INSERT INTO priarworld (firstname, rollnumber) VALUES ('Rutuja',4);
INSERT INTO priarworld (firstname, rollnumber) VALUES ('Tanmay',5);

===============



[root@client1 dockerfiles]# # docker build . -f db1.df -t mydatabase:v1.0
[root@client1 dockerfiles]# # docker run -d --name=db1 -e MYSQL_ROOT_PASSWORD=123 -p 3306:3306 mydatabase:v1.0
[root@client1 dockerfiles]# # to login inside container
[root@client1 dockerfiles]# # docker exec -it db1 bash
[root@client1 dockerfiles]#

================

[root@client1 dockerfiles]# cat frontend.df
FROM ubuntu
RUN apt update -y
RUN apt install apache2 -y
ENV DEBIAN_FRONTEND noninteractive
ENV DEBCONF_NONINTERACTIVE_SEEN true
RUN apt install sudo php php-mysql libapache2-mod-php -y
CMD ["apache2ctl", "-D", "FOREGROUND"]

[root@client1 dockerfiles]# cat /php/index.php
<?php
$servername = "172.17.0.2";
$username = "root";
$password = "123";
$dbname = "priar";

// Create connection
$conn = new mysqli($servername, $username, $password, $dbname);
// Check connection
if ($conn->connect_error) {
  die("Connection failed: " . $conn->connect_error);
}

$sql = "SELECT firstname, rollnumber FROM priarworld";
$result = $conn->query($sql);

if ($result->num_rows > 0) {
  // output data of each row
  while($row = $result->fetch_assoc()) {
    echo " - Name: " . $row["firstname"]. " " . $row["rollnumber"]. "<br>";
  }
} else {
  echo "0 results";
}
$conn->close();
?>


=========================

docker build . -f frontend.df -t frontend:v1.0
docker run -d --name=frontend -p 9090:80 -v /php:/var/www/html frontend:v1.0

please make sure that index.php is kept under /php folder , modify IP address and other indormation as per your container 
